// Jest Snapshot v1, https://goo.gl/fbAQLP

exports[`<Card /> Snapshot Testing Card Component: render this UI as expected 1`] = `
<div
  className="Card"
>
  <button
    type="button"
  >
    delete
  </button>
  <h3 />
  <p>
    content
  </p>
</div>
`;
